<*GNU-Linker-generated-mapfile*> 
Archive member included to satisfy reference by file (symbol)

C:\Program Files\dSPACE RCPHIL 2021-A\DS1007\Lib/librtversion.a(RtVersion.o)
                              (--whole-archive)
C:\Program Files\dSPACE RCPHIL 2021-A\DS1007\Lib/librtglobals.a(DsEESPort.o)
                              (--whole-archive)
C:\Program Files\dSPACE RCPHIL 2021-A\DS1007\Lib/libm_fastpow.a(w_pow.o)
                              C:\Program Files\dSPACE RCPHIL 2021-A\DS1007\Lib/librt1007.so (pow)
C:\Program Files\dSPACE RCPHIL 2021-A\DS1007\Lib/libm_fastpow.a(e_pow.o)
                              C:\Program Files\dSPACE RCPHIL 2021-A\DS1007\Lib/libm_fastpow.a(w_pow.o) (__ieee754_pow)
C:\Program Files\dSPACE RCPHIL 2021-A\DS1007\Lib/libm_fastpow.a(s_scalbn.o)
                              C:\Program Files\dSPACE RCPHIL 2021-A\DS1007\Lib/libm_fastpow.a(e_pow.o) (scalbn)

As-needed library included to satisfy reference by file (symbol)

libDsRealTimeTestingRP.so.1   rti_sim_engine.m07 (dsrtt_script_service_pre_computation)

Discarded input sections

 .group         0x0000000000000000        0x8 SQProblem.cppm07
 .group         0x0000000000000000        0x8 SQProblem.cppm07
 .group         0x0000000000000000        0x8 SQProblem.cppm07
 .group         0x0000000000000000        0x8 QProblem.cppm07
 .group         0x0000000000000000        0x8 QProblem.cppm07
 .group         0x0000000000000000        0x8 QProblem.cppm07
 .group         0x0000000000000000        0x8 QProblem.cppm07
 .group         0x0000000000000000        0x8 QProblemB.cppm07
 .group         0x0000000000000000        0x8 QProblemB.cppm07
 .group         0x0000000000000000        0x8 QProblemB.cppm07
 .group         0x0000000000000000        0x8 Bounds.cppm07
 .group         0x0000000000000000        0x8 Bounds.cppm07
 .group         0x0000000000000000        0x8 Bounds.cppm07
 .group         0x0000000000000000        0x8 Constraints.cppm07
 .group         0x0000000000000000        0x8 Constraints.cppm07
 .group         0x0000000000000000        0x8 Constraints.cppm07
 .group         0x0000000000000000        0x8 SubjectTo.cppm07
 .group         0x0000000000000000        0x8 SubjectTo.cppm07
 .group         0x0000000000000000        0x8 SubjectTo.cppm07
 .group         0x0000000000000000        0x8 Matrices.cppm07
 .group         0x0000000000000000        0x8 Matrices.cppm07
 .group         0x0000000000000000        0x8 Matrices.cppm07
 .group         0x0000000000000000        0x8 Matrices.cppm07
 .group         0x0000000000000000        0x8 Matrices.cppm07
 .group         0x0000000000000000        0x8 Matrices.cppm07
 .group         0x0000000000000000        0x8 Matrices.cppm07
 .group         0x0000000000000000        0x8 Matrices.cppm07
 .group         0x0000000000000000        0x8 Matrices.cppm07
 .group         0x0000000000000000        0x8 Matrices.cppm07
 .group         0x0000000000000000        0x8 Matrices.cppm07
 .group         0x0000000000000000        0x8 Matrices.cppm07
 .group         0x0000000000000000        0x8 Matrices.cppm07
 .group         0x0000000000000000        0x8 Matrices.cppm07
 .group         0x0000000000000000        0x8 Matrices.cppm07
 .group         0x0000000000000000        0x8 Matrices.cppm07
 .group         0x0000000000000000        0x8 Matrices.cppm07
 .group         0x0000000000000000        0x8 Matrices.cppm07
 .group         0x0000000000000000        0x8 Matrices.cppm07
 .group         0x0000000000000000        0xc Matrices.cppm07
 .group         0x0000000000000000       0x14 Matrices.cppm07
 .group         0x0000000000000000        0xc Matrices.cppm07
 .group         0x0000000000000000        0xc Matrices.cppm07
 .group         0x0000000000000000       0x14 Matrices.cppm07
 .text._ZN12SymSparseMatD0Ev
                0x0000000000000000       0x78 Matrices.cppm07

Memory Configuration

Name             Origin             Length             Attributes
*default*        0x0000000000000000 0xffffffffffffffff

Linker script and memory map

LOAD C:\ProgramData\dSPACE\7290F786-B6F7-4BA3-9178-C21B0382F310\Compiler\QNX650_520\target\qnx6/ppcbe/lib/crt1.o
LOAD C:\ProgramData\dSPACE\7290F786-B6F7-4BA3-9178-C21B0382F310\Compiler\QNX650_520\target\qnx6/ppcbe/lib/crti.o
LOAD c:/programdata/dspace/7290f786-b6f7-4ba3-9178-c21b0382f310/compiler/qnx650_520/host/win32/x86/usr/bin/../lib/gcc/powerpc-unknown-nto-qnx6.5.0/5.2.0/crtbegin.o
                0x0000000000000000                _DSPACE_START = 0x0
                0x0000000000000000                _DSPACE_START_ = 0x0
                0x00000000000003ef                DS_TARGET_PLATFORM = 0x3ef
START GROUP
LOAD SQProblem.cppm07
LOAD QProblem.cppm07
LOAD QProblemB.cppm07
LOAD Bounds.cppm07
LOAD Constraints.cppm07
LOAD SubjectTo.cppm07
LOAD Indexlist.cppm07
LOAD Flipper.cppm07
LOAD Utils.cppm07
LOAD Options.cppm07
LOAD Matrices.cppm07
LOAD BLASReplacement.cppm07
LOAD LAPACKReplacement.cppm07
LOAD MessageHandling.cppm07
LOAD example_QProblem.m07
LOAD rt_matrx.m07
LOAD rt_printf.m07
LOAD example_QProblem_data.m07
LOAD example_QProblem_trc_ptr.m07
LOAD rtGetInf.m07
LOAD rtGetNaN.m07
LOAD rt_nonfinite.m07
LOAD qpOASES_QProblem.cppm07
LOAD rti_sim_engine.m07
LOAD rti_init_cpp.m07
LOAD rt_sim.m07
LOAD rti_assert.m07
LOAD Handcode_FPGA_Inverter_53A2F2A927216E.m07
LOAD C:\Program Files\dSPACE RCPHIL 2021-A\DS1007\Lib/librtcan.so
LOAD C:\Program Files\dSPACE RCPHIL 2021-A\DS1007\Lib/librteth.so
LOAD C:\Program Files\dSPACE RCPHIL 2021-A\DS1007\Lib/librtfr.so
LOAD C:\Program Files\dSPACE RCPHIL 2021-A\DS1007\Lib/librtlin.so
LOAD C:\Program Files\dSPACE RCPHIL 2021-A\DS1007\Lib/librtrpcu.so
LOAD C:\Program Files\dSPACE RCPHIL 2021-A\DS1007\Lib/librtser.so
LOAD C:\Program Files\dSPACE RCPHIL 2021-A\DS1007\Lib/librtj1939.so
LOAD C:\Program Files\dSPACE RCPHIL 2021-A\DS1007\Lib/librt2001.so
LOAD C:\Program Files\dSPACE RCPHIL 2021-A\DS1007\Lib/librt2002.so
LOAD C:\Program Files\dSPACE RCPHIL 2021-A\DS1007\Lib/librt2003.so
LOAD C:\Program Files\dSPACE RCPHIL 2021-A\DS1007\Lib/librt2004.so
LOAD C:\Program Files\dSPACE RCPHIL 2021-A\DS1007\Lib/librt2101.so
LOAD C:\Program Files\dSPACE RCPHIL 2021-A\DS1007\Lib/librt2102.so
LOAD C:\Program Files\dSPACE RCPHIL 2021-A\DS1007\Lib/librt2103.so
LOAD C:\Program Files\dSPACE RCPHIL 2021-A\DS1007\Lib/librt2201.so
LOAD C:\Program Files\dSPACE RCPHIL 2021-A\DS1007\Lib/librt22xx.so
LOAD C:\Program Files\dSPACE RCPHIL 2021-A\DS1007\Lib/librt2301.so
LOAD C:\Program Files\dSPACE RCPHIL 2021-A\DS1007\Lib/librt2302.so
LOAD C:\Program Files\dSPACE RCPHIL 2021-A\DS1007\Lib/librt2401.so
LOAD C:\Program Files\dSPACE RCPHIL 2021-A\DS1007\Lib/librt3001.so
LOAD C:\Program Files\dSPACE RCPHIL 2021-A\DS1007\Lib/librt3002.so
LOAD C:\Program Files\dSPACE RCPHIL 2021-A\DS1007\Lib/librt4001.so
LOAD C:\Program Files\dSPACE RCPHIL 2021-A\DS1007\Lib/librt4002.so
LOAD C:\Program Files\dSPACE RCPHIL 2021-A\DS1007\Lib/librt4003.so
LOAD C:\Program Files\dSPACE RCPHIL 2021-A\DS1007\Lib/librt4004.so
LOAD C:\Program Files\dSPACE RCPHIL 2021-A\DS1007\Lib/librt4101.so
LOAD C:\Program Files\dSPACE RCPHIL 2021-A\DS1007\Lib/librt4120.so
LOAD C:\Program Files\dSPACE RCPHIL 2021-A\DS1007\Lib/librt4121.so
LOAD C:\Program Files\dSPACE RCPHIL 2021-A\DS1007\Lib/librt4201.so
LOAD C:\Program Files\dSPACE RCPHIL 2021-A\DS1007\Lib/librt4201s.so
LOAD C:\Program Files\dSPACE RCPHIL 2021-A\DS1007\Lib/librt4301.so
LOAD C:\Program Files\dSPACE RCPHIL 2021-A\DS1007\Lib/librt4302.so
LOAD C:\Program Files\dSPACE RCPHIL 2021-A\DS1007\Lib/librt4330.so
LOAD C:\Program Files\dSPACE RCPHIL 2021-A\DS1007\Lib/librt4501.so
LOAD C:\Program Files\dSPACE RCPHIL 2021-A\DS1007\Lib/librt4505.so
LOAD C:\Program Files\dSPACE RCPHIL 2021-A\DS1007\Lib/librt5001.so
LOAD C:\Program Files\dSPACE RCPHIL 2021-A\DS1007\Lib/librt5101.so
LOAD C:\Program Files\dSPACE RCPHIL 2021-A\DS1007\Lib/librt5201.so
LOAD C:\Program Files\dSPACE RCPHIL 2021-A\DS1007\Lib/librt5202.so
LOAD C:\Program Files\dSPACE RCPHIL 2021-A\DS1007\Lib/librt5203.so
LOAD C:\Program Files\dSPACE RCPHIL 2021-A\DS1007\Lib/librt1007.so
LOAD C:\Program Files\dSPACE RCPHIL 2021-A\DS1007\Lib/librtwrap.so
LOAD C:\Program Files\dSPACE RCPHIL 2021-A\DS1007\Lib/librtversion.a
LOAD C:\Program Files\dSPACE RCPHIL 2021-A\DS1007\Lib/librtglobals.a
LOAD C:\Program Files\dSPACE RCPHIL 2021-A\DS1007\Lib/libm_fastpow.a
END GROUP
LOAD C:\Program Files\dSPACE RCPHIL 2021-A\DS1007\Lib/libstdc++.so
LOAD C:\ProgramData\dSPACE\7290F786-B6F7-4BA3-9178-C21B0382F310\Compiler\QNX650_520\target\qnx6/ppcbe/lib/libm.so
LOAD c:/programdata/dspace/7290f786-b6f7-4ba3-9178-c21b0382f310/compiler/qnx650_520/host/win32/x86/usr/bin/../lib/gcc/powerpc-unknown-nto-qnx6.5.0/5.2.0\libgcc.a
LOAD C:\ProgramData\dSPACE\7290F786-B6F7-4BA3-9178-C21B0382F310\Compiler\QNX650_520\target\qnx6/ppcbe/lib/libc.so
LOAD C:\ProgramData\dSPACE\7290F786-B6F7-4BA3-9178-C21B0382F310\Compiler\QNX650_520\target\qnx6/ppcbe/lib\libc.a
LOAD c:/programdata/dspace/7290f786-b6f7-4ba3-9178-c21b0382f310/compiler/qnx650_520/host/win32/x86/usr/bin/../lib/gcc/powerpc-unknown-nto-qnx6.5.0/5.2.0\libgcc.a
LOAD c:/programdata/dspace/7290f786-b6f7-4ba3-9178-c21b0382f310/compiler/qnx650_520/host/win32/x86/usr/bin/../lib/gcc/powerpc-unknown-nto-qnx6.5.0/5.2.0/crtend.o
LOAD C:\ProgramData\dSPACE\7290F786-B6F7-4BA3-9178-C21B0382F310\Compiler\QNX650_520\target\qnx6/ppcbe/lib/crtn.o
                [!provide]                        PROVIDE (__stack, 0x0)
                [!provide]                        PROVIDE (___stack, 0x0)
                [!provide]                        PROVIDE (__executable_start, 0x48040000)
                0x0000000048040134                . = (0x48040000 + SIZEOF_HEADERS)

.interp         0x0000000048040134       0x14
 *(.interp)
 .interp        0x0000000048040134       0x14 C:\ProgramData\dSPACE\7290F786-B6F7-4BA3-9178-C21B0382F310\Compiler\QNX650_520\target\qnx6/ppcbe/lib/crt1.o

.note           0x0000000048040150       0x18
 .note          0x0000000048040150       0x18 C:\ProgramData\dSPACE\7290F786-B6F7-4BA3-9178-C21B0382F310\Compiler\QNX650_520\target\qnx6/ppcbe/lib/crtn.o

.note.gnu.build-id
                0x0000000048040168       0x20
 *(.note.gnu.build-id)
 .note.gnu.build-id
                0x0000000048040168       0x20 C:\ProgramData\dSPACE\7290F786-B6F7-4BA3-9178-C21B0382F310\Compiler\QNX650_520\target\qnx6/ppcbe/lib/crt1.o

.hash           0x0000000048040188      0x334
 *(.hash)
 .hash          0x0000000048040188      0x334 C:\ProgramData\dSPACE\7290F786-B6F7-4BA3-9178-C21B0382F310\Compiler\QNX650_520\target\qnx6/ppcbe/lib/crt1.o

.gnu.hash
 *(.gnu.hash)

.dynsym         0x00000000480404bc      0x6a0
 *(.dynsym)
 .dynsym        0x00000000480404bc      0x6a0 C:\ProgramData\dSPACE\7290F786-B6F7-4BA3-9178-C21B0382F310\Compiler\QNX650_520\target\qnx6/ppcbe/lib/crt1.o

.dynstr         0x0000000048040b5c      0x97e
 *(.dynstr)
 .dynstr        0x0000000048040b5c      0x97e C:\ProgramData\dSPACE\7290F786-B6F7-4BA3-9178-C21B0382F310\Compiler\QNX650_520\target\qnx6/ppcbe/lib/crt1.o

.gnu.version    0x00000000480414da        0x0
 *(.gnu.version)
 .gnu.version   0x00000000480414da        0x0 C:\ProgramData\dSPACE\7290F786-B6F7-4BA3-9178-C21B0382F310\Compiler\QNX650_520\target\qnx6/ppcbe/lib/crt1.o

.gnu.version_d  0x00000000480414dc        0x0
 *(.gnu.version_d)
 .gnu.version_d
                0x00000000480414dc        0x0 C:\ProgramData\dSPACE\7290F786-B6F7-4BA3-9178-C21B0382F310\Compiler\QNX650_520\target\qnx6/ppcbe/lib/crt1.o

.gnu.version_r  0x00000000480414dc        0x0
 *(.gnu.version_r)
 .gnu.version_r
                0x00000000480414dc        0x0 C:\ProgramData\dSPACE\7290F786-B6F7-4BA3-9178-C21B0382F310\Compiler\QNX650_520\target\qnx6/ppcbe/lib/crt1.o

.rel.dyn
 *(.rel.init)
 *(.rel.text .rel.text.* .rel.gnu.linkonce.t.*)
 *(.rel.fini)
 *(.rel.rodata .rel.rodata.* .rel.gnu.linkonce.r.*)
 *(.rel.data.rel.ro* .rel.gnu.linkonce.d.rel.ro.*)
 *(.rel.data .rel.data.* .rel.gnu.linkonce.d.*)
 *(.rel.tdata .rel.tdata.* .rel.gnu.linkonce.td.*)
 *(.rel.tbss .rel.tbss.* .rel.gnu.linkonce.tb.*)
 *(.rel.ctors)
 *(.rel.dtors)
 *(.rel.got)
 *(.rel.sdata .rel.sdata.* .rel.gnu.linkonce.s.*)
 *(.rel.sbss .rel.sbss.* .rel.gnu.linkonce.sb.*)
 *(.rel.sdata2 .rel.sdata2.* .rel.gnu.linkonce.s2.*)
 *(.rel.sbss2 .rel.sbss2.* .rel.gnu.linkonce.sb2.*)
 *(.rel.bss .rel.bss.* .rel.gnu.linkonce.b.*)

.rela.dyn       0x00000000480414dc       0xc0
 *(.rela.init)
 *(.rela.text .rela.text.* .rela.gnu.linkonce.t.*)
 .rela.text     0x00000000480414dc        0x0 C:\ProgramData\dSPACE\7290F786-B6F7-4BA3-9178-C21B0382F310\Compiler\QNX650_520\target\qnx6/ppcbe/lib/crt1.o
 .rela.text._ZN12SymSparseMatD0Ev
                0x00000000480414dc        0x0 C:\ProgramData\dSPACE\7290F786-B6F7-4BA3-9178-C21B0382F310\Compiler\QNX650_520\target\qnx6/ppcbe/lib/crt1.o
 .rela.text._ZN11SymDenseMatD1Ev
                0x00000000480414dc        0x0 C:\ProgramData\dSPACE\7290F786-B6F7-4BA3-9178-C21B0382F310\Compiler\QNX650_520\target\qnx6/ppcbe/lib/crt1.o
 .rela.text._ZN11SymDenseMatD0Ev
                0x00000000480414dc        0x0 C:\ProgramData\dSPACE\7290F786-B6F7-4BA3-9178-C21B0382F310\Compiler\QNX650_520\target\qnx6/ppcbe/lib/crt1.o
 .rela.text._ZN12SymSparseMatD1Ev
                0x00000000480414dc        0x0 C:\ProgramData\dSPACE\7290F786-B6F7-4BA3-9178-C21B0382F310\Compiler\QNX650_520\target\qnx6/ppcbe/lib/crt1.o
 .rela.text.startup
                0x00000000480414dc        0x0 C:\ProgramData\dSPACE\7290F786-B6F7-4BA3-9178-C21B0382F310\Compiler\QNX650_520\target\qnx6/ppcbe/lib/crt1.o
 *(.rela.fini)
 *(.rela.rodata .rela.rodata.* .rela.gnu.linkonce.r.*)
 .rela.rodata._ZTI9SQProblem
                0x00000000480414dc        0x0 C:\ProgramData\dSPACE\7290F786-B6F7-4BA3-9178-C21B0382F310\Compiler\QNX650_520\target\qnx6/ppcbe/lib/crt1.o
 .rela.rodata._ZTV9SQProblem
                0x00000000480414dc        0x0 C:\ProgramData\dSPACE\7290F786-B6F7-4BA3-9178-C21B0382F310\Compiler\QNX650_520\target\qnx6/ppcbe/lib/crt1.o
 .rela.rodata._ZTI8QProblem
                0x00000000480414dc        0x0 C:\ProgramData\dSPACE\7290F786-B6F7-4BA3-9178-C21B0382F310\Compiler\QNX650_520\target\qnx6/ppcbe/lib/crt1.o
 .rela.rodata._ZTV8QProblem
                0x00000000480414dc        0x0 C:\ProgramData\dSPACE\7290F786-B6F7-4BA3-9178-C21B0382F310\Compiler\QNX650_520\target\qnx6/ppcbe/lib/crt1.o
 .rela.rodata._ZTI9QProblemB
                0x00000000480414dc        0x0 C:\ProgramData\dSPACE\7290F786-B6F7-4BA3-9178-C21B0382F310\Compiler\QNX650_520\target\qnx6/ppcbe/lib/crt1.o
 .rela.rodata._ZTV9QProblemB
                0x00000000480414dc        0x0 C:\ProgramData\dSPACE\7290F786-B6F7-4BA3-9178-C21B0382F310\Compiler\QNX650_520\target\qnx6/ppcbe/lib/crt1.o
 .rela.rodata._ZTI6Bounds
                0x00000000480414dc        0x0 C:\ProgramData\dSPACE\7290F786-B6F7-4BA3-9178-C21B0382F310\Compiler\QNX650_520\target\qnx6/ppcbe/lib/crt1.o
 .rela.rodata._ZTV6Bounds
                0x00000000480414dc        0x0 C:\ProgramData\dSPACE\7290F786-B6F7-4BA3-9178-C21B0382F310\Compiler\QNX650_520\target\qnx6/ppcbe/lib/crt1.o
 .rela.rodata._ZTI11Constraints
                0x00000000480414dc        0x0 C:\ProgramData\dSPACE\7290F786-B6F7-4BA3-9178-C21B0382F310\Compiler\QNX650_520\target\qnx6/ppcbe/lib/crt1.o
 .rela.rodata._ZTV11Constraints
                0x00000000480414dc        0x0 C:\ProgramData\dSPACE\7290F786-B6F7-4BA3-9178-C21B0382F310\Compiler\QNX650_520\target\qnx6/ppcbe/lib/crt1.o
 .rela.rodata._ZTI9SubjectTo
                0x00000000480414dc        0x0 C:\ProgramData\dSPACE\7290F786-B6F7-4BA3-9178-C21B0382F310\Compiler\QNX650_520\target\qnx6/ppcbe/lib/crt1.o
 .rela.rodata._ZTV9SubjectTo
                0x00000000480414dc        0x0 C:\ProgramData\dSPACE\7290F786-B6F7-4BA3-9178-C21B0382F310\Compiler\QNX650_520\target\qnx6/ppcbe/lib/crt1.o
 .rela.rodata._ZTI6Matrix
                0x00000000480414dc        0x0 C:\ProgramData\dSPACE\7290F786-B6F7-4BA3-9178-C21B0382F310\Compiler\QNX650_520\target\qnx6/ppcbe/lib/crt1.o
 .rela.rodata._ZTI15SymmetricMatrix
                0x00000000480414dc        0x0 C:\ProgramData\dSPACE\7290F786-B6F7-4BA3-9178-C21B0382F310\Compiler\QNX650_520\target\qnx6/ppcbe/lib/crt1.o
 .rela.rodata._ZTI11DenseMatrix
                0x00000000480414dc        0x0 C:\ProgramData\dSPACE\7290F786-B6F7-4BA3-9178-C21B0382F310\Compiler\QNX650_520\target\qnx6/ppcbe/lib/crt1.o
 .rela.rodata._ZTI11SymDenseMat
                0x00000000480414dc        0x0 C:\ProgramData\dSPACE\7290F786-B6F7-4BA3-9178-C21B0382F310\Compiler\QNX650_520\target\qnx6/ppcbe/lib/crt1.o
 .rela.rodata._ZTI12SparseMatrix
                0x00000000480414dc        0x0 C:\ProgramData\dSPACE\7290F786-B6F7-4BA3-9178-C21B0382F310\Compiler\QNX650_520\target\qnx6/ppcbe/lib/crt1.o
 .rela.rodata._ZTI15SparseMatrixRow
                0x00000000480414dc        0x0 C:\ProgramData\dSPACE\7290F786-B6F7-4BA3-9178-C21B0382F310\Compiler\QNX650_520\target\qnx6/ppcbe/lib/crt1.o
 .rela.rodata._ZTI12SymSparseMat
                0x00000000480414dc        0x0 C:\ProgramData\dSPACE\7290F786-B6F7-4BA3-9178-C21B0382F310\Compiler\QNX650_520\target\qnx6/ppcbe/lib/crt1.o
 .rela.rodata._ZTV6Matrix
                0x00000000480414dc        0x0 C:\ProgramData\dSPACE\7290F786-B6F7-4BA3-9178-C21B0382F310\Compiler\QNX650_520\target\qnx6/ppcbe/lib/crt1.o
 .rela.rodata._ZTT11DenseMatrix
                0x00000000480414dc        0x0 C:\ProgramData\dSPACE\7290F786-B6F7-4BA3-9178-C21B0382F310\Compiler\QNX650_520\target\qnx6/ppcbe/lib/crt1.o
 .rela.rodata._ZTV11DenseMatrix
                0x00000000480414dc        0x0 C:\ProgramData\dSPACE\7290F786-B6F7-4BA3-9178-C21B0382F310\Compiler\QNX650_520\target\qnx6/ppcbe/lib/crt1.o
 .rela.rodata._ZTC11SymDenseMat20_15SymmetricMatrix
                0x00000000480414dc        0x0 C:\ProgramData\dSPACE\7290F786-B6F7-4BA3-9178-C21B0382F310\Compiler\QNX650_520\target\qnx6/ppcbe/lib/crt1.o
 .rela.rodata._ZTC11SymDenseMat0_11DenseMatrix
                0x00000000480414dc        0x0 C:\ProgramData\dSPACE\7290F786-B6F7-4BA3-9178-C21B0382F310\Compiler\QNX650_520\target\qnx6/ppcbe/lib/crt1.o
 .rela.rodata._ZTT11SymDenseMat
                0x00000000480414dc        0x0 C:\ProgramData\dSPACE\7290F786-B6F7-4BA3-9178-C21B0382F310\Compiler\QNX650_520\target\qnx6/ppcbe/lib/crt1.o
 .rela.rodata._ZTV11SymDenseMat
                0x00000000480414dc        0x0 C:\ProgramData\dSPACE\7290F786-B6F7-4BA3-9178-C21B0382F310\Compiler\QNX650_520\target\qnx6/ppcbe/lib/crt1.o
 .rela.rodata._ZTT12SparseMatrix
                0x00000000480414dc        0x0 C:\ProgramData\dSPACE\7290F786-B6F7-4BA3-9178-C21B0382F310\Compiler\QNX650_520\target\qnx6/ppcbe/lib/crt1.o
 .rela.rodata._ZTV12SparseMatrix
                0x00000000480414dc        0x0 C:\ProgramData\dSPACE\7290F786-B6F7-4BA3-9178-C21B0382F310\Compiler\QNX650_520\target\qnx6/ppcbe/lib/crt1.o
 .rela.rodata._ZTT15SparseMatrixRow
                0x00000000480414dc        0x0 C:\ProgramData\dSPACE\7290F786-B6F7-4BA3-9178-C21B0382F310\Compiler\QNX650_520\target\qnx6/ppcbe/lib/crt1.o
 .rela.rodata._ZTV15SparseMatrixRow
                0x00000000480414dc        0x0 C:\ProgramData\dSPACE\7290F786-B6F7-4BA3-9178-C21B0382F310\Compiler\QNX650_520\target\qnx6/ppcbe/lib/crt1.o
 .rela.rodata._ZTC12SymSparseMat4_12SparseMatrix
                0x00000000480414dc        0x0 C:\ProgramData\dSPACE\7290F786-B6F7-4BA3-9178-C21B0382F310\Compiler\QNX650_520\target\qnx6/ppcbe/lib/crt1.o
 .rela.rodata._ZTC12SymSparseMat0_15SymmetricMatrix
                0x00000000480414dc        0x0 C:\ProgramData\dSPACE\7290F786-B6F7-4BA3-9178-C21B0382F310\Compiler\QNX650_520\target\qnx6/ppcbe/lib/crt1.o
 .rela.rodata._ZTT12SymSparseMat
                0x00000000480414dc        0x0 C:\ProgramData\dSPACE\7290F786-B6F7-4BA3-9178-C21B0382F310\Compiler\QNX650_520\target\qnx6/ppcbe/lib/crt1.o
 .rela.rodata._ZTV12SymSparseMat
                0x00000000480414dc        0x0 C:\ProgramData\dSPACE\7290F786-B6F7-4BA3-9178-C21B0382F310\Compiler\QNX650_520\target\qnx6/ppcbe/lib/crt1.o
 .rela.rodata   0x00000000480414dc        0x0 C:\ProgramData\dSPACE\7290F786-B6F7-4BA3-9178-C21B0382F310\Compiler\QNX650_520\target\qnx6/ppcbe/lib/crt1.o
 *(.rela.data .rela.data.* .rela.gnu.linkonce.d.*)
 .rela.data     0x00000000480414dc        0xc C:\ProgramData\dSPACE\7290F786-B6F7-4BA3-9178-C21B0382F310\Compiler\QNX650_520\target\qnx6/ppcbe/lib/crt1.o
 *(.rela.tdata .rela.tdata.* .rela.gnu.linkonce.td.*)
 *(.rela.tbss .rela.tbss.* .rela.gnu.linkonce.tb.*)
 *(.rela.ctors)
 *(.rela.dtors)
 *(.rela.got)
 .rela.got      0x00000000480414e8       0x48 C:\ProgramData\dSPACE\7290F786-B6F7-4BA3-9178-C21B0382F310\Compiler\QNX650_520\target\qnx6/ppcbe/lib/crt1.o
 *(.rela.got1)
 *(.rela.got2)
 *(.rela.sdata .rela.sdata.* .rela.gnu.linkonce.s.*)
 *(.rela.sbss .rela.sbss.* .rela.gnu.linkonce.sb.*)
 .rela.sbss     0x0000000048041530        0x0 C:\ProgramData\dSPACE\7290F786-B6F7-4BA3-9178-C21B0382F310\Compiler\QNX650_520\target\qnx6/ppcbe/lib/crt1.o
 *(.rela.sdata2 .rela.sdata2.* .rela.gnu.linkonce.s2.*)
 *(.rela.sbss2 .rela.sbss2.* .rela.gnu.linkonce.sb2.*)
 *(.rela.bss .rela.bss.* .rela.gnu.linkonce.b.*)
 .rela.bss      0x0000000048041530       0x6c C:\ProgramData\dSPACE\7290F786-B6F7-4BA3-9178-C21B0382F310\Compiler\QNX650_520\target\qnx6/ppcbe/lib/crt1.o
 .rela.iplt     0x000000004804159c        0x0 C:\ProgramData\dSPACE\7290F786-B6F7-4BA3-9178-C21B0382F310\Compiler\QNX650_520\target\qnx6/ppcbe/lib/crt1.o
 .rela.eh_frame
                0x000000004804159c        0x0 C:\ProgramData\dSPACE\7290F786-B6F7-4BA3-9178-C21B0382F310\Compiler\QNX650_520\target\qnx6/ppcbe/lib/crt1.o

.rel.plt
 *(.rel.plt)

.rela.plt       0x000000004804159c      0x3b4
 *(.rela.plt)
 .rela.plt      0x000000004804159c      0x3b4 C:\ProgramData\dSPACE\7290F786-B6F7-4BA3-9178-C21B0382F310\Compiler\QNX650_520\target\qnx6/ppcbe/lib/crt1.o

.init           0x0000000048041950       0x24
 *(.init)
 .init          0x0000000048041950        0xc C:\ProgramData\dSPACE\7290F786-B6F7-4BA3-9178-C21B0382F310\Compiler\QNX650_520\target\qnx6/ppcbe/lib/crti.o
                0x0000000048041950                _init
 .init          0x000000004804195c        0x4 c:/programdata/dspace/7290f786-b6f7-4ba3-9178-c21b0382f310/compiler/qnx650_520/host/win32/x86/usr/bin/../lib/gcc/powerpc-unknown-nto-qnx6.5.0/5.2.0/crtbegin.o
 .init          0x0000000048041960        0x4 c:/programdata/dspace/7290f786-b6f7-4ba3-9178-c21b0382f310/compiler/qnx650_520/host/win32/x86/usr/bin/../lib/gcc/powerpc-unknown-nto-qnx6.5.0/5.2.0/crtend.o
 .init          0x0000000048041964       0x10 C:\ProgramData\dSPACE\7290F786-B6F7-4BA3-9178-C21B0382F310\Compiler\QNX650_520\target\qnx6/ppcbe/lib/crtn.o

.text           0x0000000048041980    0x3025c
                0x0000000048041980                _btext = .
 *(.text .stub .text.* .gnu.linkonce.t.*)
 .text          0x0000000048041980      0x118 C:\ProgramData\dSPACE\7290F786-B6F7-4BA3-9178-C21B0382F310\Compiler\QNX650_520\target\qnx6/ppcbe/lib/crt1.o
                0x0000000048041980                _start
 .text          0x0000000048041a98        0x0 C:\ProgramData\dSPACE\7290F786-B6F7-4BA3-9178-C21B0382F310\Compiler\QNX650_520\target\qnx6/ppcbe/lib/crti.o
 .text          0x0000000048041a98      0x2b0 c:/programdata/dspace/7290f786-b6f7-4ba3-9178-c21b0382f310/compiler/qnx650_520/host/win32/x86/usr/bin/../lib/gcc/powerpc-unknown-nto-qnx6.5.0/5.2.0/crtbegin.o
 *fill*         0x0000000048041d48        0x8 00000000
 .text          0x0000000048041d50     0x1854 SQProblem.cppm07
                0x0000000048041d50                SQProblem::~SQProblem()
                0x0000000048041d50                SQProblem::~SQProblem()
                0x0000000048041d60                SQProblem::~SQProblem()
                0x0000000048041da0                SQProblem::operator=(SQProblem const&)
                0x0000000048041de0                SQProblem::setupNewAuxiliaryQP(double const*, double const*, double const*, double const*, double const*, double const*)
                0x0000000048042100                SQProblem::SQProblem()
                0x0000000048042100                SQProblem::SQProblem()
                0x0000000048042140                SQProblem::SQProblem(int, int, HessianType, BooleanType)
                0x0000000048042140                SQProblem::SQProblem(int, int, HessianType, BooleanType)
                0x0000000048042180                SQProblem::SQProblem(SQProblem const&)
                0x0000000048042180                SQProblem::SQProblem(SQProblem const&)
                0x00000000480421c0                SQProblem::hotstart(SymmetricMatrix*, double const*, Matrix*, double const*, double const*, double const*, double const*, int&, double*, Bounds const*, Constraints const*)
                0x0000000048042460                SQProblem::hotstart(double const*, double const*, double const*, double const*, double const*, double const*, double const*, int&, double*, Bounds const*, Constraints const*)
                0x0000000048042700                SQProblem::hotstart(char const*, char const*, char const*, char const*, char const*, char const*, char const*, int&, double*, Bounds const*, Constraints const*)
                0x0000000048042c40                SQProblem::hotstart(double const*, double const*, double const*, double const*, double const*, int&, double*, Bounds const*, Constraints const*)
                0x0000000048042c50                SQProblem::hotstart(char const*, char const*, char const*, char const*, char const*, int&, double*, Bounds const*, Constraints const*)
                0x0000000048042c60                SQProblem::setupNewAuxiliaryQP(SymmetricMatrix*, Matrix*, double const*, double const*, double const*, double const*)
 *fill*         0x00000000480435a4        0xc 00000000
 .text          0x00000000480435b0    0x10c0c QProblem.cppm07
                0x00000000480435b0                QProblem::getNZ() const
                0x00000000480435c0                QProblem::getDualSolution(double*) const
                0x0000000048043640                QProblem::printProperties()
                0x0000000048043650                QProblem::setupSubjectToType()
                0x0000000048043670                QProblem::backsolveT(double const*, BooleanType, double*) const
                0x00000000480438d0                QProblem::setupTQfactorisation()
                0x00000000480439d0                QProblem::getWorkingSet(double*)
                0x0000000048043a90                QProblem::setupInitialCholesky()
                0x0000000048043be0                QProblem::addConstraint_checkLI(int)
                0x00000000480440d0                QProblem::addBound_checkLI(int)
                0x00000000480444d0                QProblem::getWorkingSetConstraints(double*)
                0x00000000480445b0                QProblem::updateActivitiesForHotstart(double const*, double const*, double const*, double const*)
                0x00000000480449b0                QProblem::determineStepDirection(double const*, double const*, double const*, double const*, double const*, BooleanType, BooleanType, double*, double*, double*, double*)
                0x0000000048045c80                QProblem::setupSubjectToType(double const*, double const*, double const*, double const*)
                0x0000000048046100                QProblem::computeProjectedCholesky()
                0x00000000480465c0                QProblem::setupAuxiliaryWorkingSet(Bounds const*, Constraints const*, BooleanType)
                0x0000000048046ff0                QProblem::addBound(int, SubjectToStatus, BooleanType, BooleanType)
                0x0000000048047a30                QProblem::addConstraint(int, SubjectToStatus, BooleanType, BooleanType)
                0x0000000048048280                QProblem::QProblem()
                0x0000000048048280                QProblem::QProblem()
                0x0000000048048330                QProblem::solveCurrentEQP(int, double const*, double const*, double const*, double const*, double const*, double*, double*)
                0x0000000048048710                QProblem::setConstraintProduct(ConstraintProduct*)
                0x0000000048048720                QProblem::getFreeVariablesFlags(BooleanType*)
                0x00000000480487d0                QProblem::clear()
                0x00000000480489a0                QProblem::copy(QProblem const&)
                0x0000000048048f50                QProblem::operator=(QProblem const&)
                0x0000000048048fb0                QProblem::obtainAuxiliaryWorkingSet(double const*, double const*, Bounds const*, Constraints const*, Bounds*, Constraints*) const
                0x0000000048049530                QProblem::setupAuxiliaryQPsolution(double const*, double const*)
                0x0000000048049790                QProblem::setupAuxiliaryQPgradient()
                0x0000000048049980                QProblem::performRamping()
                0x0000000048049e70                QProblem::performDriftCorrection()
                0x000000004804a250                QProblem::areBoundsConsistent(double const*, double const*, double const*, double const*) const
                0x000000004804a330                QProblem::setupAuxiliaryQPbounds(Bounds const*, Constraints const*, BooleanType)
                0x000000004804a8d0                QProblem::performPlainRatioTest(int, int const*, double const*, double const*, double, double, double&, int&) const
                0x000000004804a950                QProblem::ensureNonzeroCurvature(BooleanType, int, BooleanType&, BooleanType&, int&, SubjectToStatus&)
                0x000000004804b7e0                QProblem::removeBound(int, BooleanType, BooleanType, BooleanType)
                0x000000004804c2d0                QProblem::removeConstraint(int, BooleanType, BooleanType, BooleanType)
                0x000000004804ce30                QProblem::determineDataShift(double const*, double const*, double const*, double const*, double const*, double*, double*, double*, double*, double*, BooleanType&, BooleanType&)
                0x000000004804d090                QProblem::performStep(double const*, double const*, double const*, double const*, double const*, double const*, double const*, double const*, double const*, int&, SubjectToStatus&, BooleanType&)
                0x000000004804de10                QProblem::changeActiveSet(int, SubjectToStatus, BooleanType)
                0x000000004804e000                QProblem::getRelativeHomotopyLength(double const*, double const*, double const*, double const*, double const*)
                0x000000004804e140                QProblem::solveQP(double const*, double const*, double const*, double const*, double const*, int&, double*, int, BooleanType)
                0x000000004804ead0                QProblem::solveRegularisedQP(double const*, double const*, double const*, double const*, double const*, int&, double*, int, BooleanType)
                0x000000004804ee30                QProblem::updateFarBounds(double, int, double const*, double*, double const*, double*, double const*, double*, double const*, double*) const
                0x000000004804f040                QProblem::hotstart(double const*, double const*, double const*, double const*, double const*, int&, double*, Bounds const*, Constraints const*)
                0x000000004804f880                QProblem::shallRefactorise(Bounds const*, Constraints const*) const
                0x000000004804f9c0                QProblem::setupAuxiliaryQP(Bounds const*, Constraints const*)
                0x000000004804ff20                QProblem::setupQPdata(SymmetricMatrix*, double const*, Matrix*, double const*, double const*, double const*, double const*)
                0x0000000048050350                QProblem::setupQPdata(double const*, double const*, double const*, double const*, double const*, double const*, double const*)
                0x0000000048050700                QProblem::setupQPdataFromFile(char const*, char const*, char const*, char const*, char const*, char const*, char const*)
                0x0000000048050b10                QProblem::loadQPvectorsFromFile(char const*, char const*, char const*, char const*, char const*, double*, double*, double*, double*, double*) const
                0x0000000048050d40                QProblem::hotstart(char const*, char const*, char const*, char const*, char const*, int&, double*, Bounds const*, Constraints const*)
                0x0000000048051180                QProblem::printIteration(int, int, SubjectToStatus, BooleanType, double, BooleanType)
                0x0000000048051190                QProblem::dropInfeasibles(int, SubjectToStatus, BooleanType, double*, double*)
                0x00000000480516c0                QProblem::addConstraint_ensureLI(int, SubjectToStatus)
                0x0000000048051f70                QProblem::addBound_ensureLI(int, SubjectToStatus)
                0x0000000048052750                QProblem::writeQpDataIntoMatFile(char const*) const
                0x0000000048052760                QProblem::writeQpWorkspaceIntoMatFile(char const*)
                0x0000000048052770                QProblem::QProblem(int, int, HessianType, BooleanType)
                0x0000000048052770                QProblem::QProblem(int, int, HessianType, BooleanType)
                0x0000000048052b90                QProblem::QProblem(QProblem const&)
                0x0000000048052b90                QProblem::QProblem(QProblem const&)
                0x0000000048052c30                QProblem::~QProblem()
                0x0000000048052c30                QProblem::~QProblem()
                0x0000000048052c80                QProblem::~QProblem()
                0x0000000048052cb0                QProblem::reset()
                0x0000000048052e40                QProblem::getWorkingSetBounds(double*)
                0x0000000048052e50                QProblem::solveInitialQP(double const*, double const*, Bounds const*, Constraints const*, double const*, int&, double*)
                0x0000000048053590                QProblem::init(SymmetricMatrix*, double const*, Matrix*, double const*, double const*, double const*, double const*, int&, double*, double const*, double const*, Bounds const*, Constraints const*, double const*)
                0x0000000048053950                QProblem::init(double const*, double const*, double const*, double const*, double const*, double const*, double const*, int&, double*, double const*, double const*, Bounds const*, Constraints const*, double const*)
                0x0000000048053d10                QProblem::init(char const*, char const*, char const*, char const*, char const*, char const*, char const*, int&, double*, double const*, double const*, Bounds const*, Constraints const*, char const*)
 *fill*         0x00000000480541bc        0x4 00000000
 .text._ZN12SymSparseMatD0Ev
                0x00000000480541c0       0x98 QProblem.cppm07
                0x00000000480541c0                SymSparseMat::~SymSparseMat()
                0x0000000048054240                virtual thunk to SymSparseMat::~SymSparseMat()
                0x0000000048054250                non-virtual thunk to SymSparseMat::~SymSparseMat()
 *fill*         0x0000000048054258        0x8 00000000
 .text          0x0000000048054260     0x8878 QProblemB.cppm07
                0x0000000048054260                QProblemB::getWorkingSet(double*)
                0x0000000048054270                QProblemB::getNZ() const
                0x0000000048054280                QProblemB::getDualSolution(double*) const
                0x0000000048054300                QProblemB::printProperties()
                0x0000000048054310                QProblemB::setupSubjectToType()
                0x0000000048054330                QProblemB::backsolveR(double const*, BooleanType, double*) const
                0x0000000048054350                QProblemB::reset()
                0x0000000048054470                QProblemB::computeCholesky()
                0x00000000480547a0                QProblemB::getWorkingSetConstraints(double*)
                0x00000000480549c0                QProblemB::setupInitialCholesky()
                0x0000000048054b20                QProblemB::backsolveR(double const*, BooleanType, BooleanType, double*) const
                0x0000000048054db0                QProblemB::getWorkingSetBounds(double*)
                0x0000000048054e90                QProblemB::setupSubjectToType(double const*, double const*)
                0x0000000048055240                QProblemB::getObjVal(double const*) const
                0x00000000480554c0                QProblemB::getObjVal() const
                0x0000000048055500                QProblemB::getPrimalSolution(double*) const
                0x0000000048055570                QProblemB::setPrintLevel(PrintLevel)
                0x00000000480555c0                QProblemB::printOptions() const
                0x00000000480555d0                QProblemB::clear()
                0x00000000480556f0                QProblemB::copy(QProblemB const&)
                0x0000000048055bb0                QProblemB::operator=(QProblemB const&)
                0x0000000048055c00                QProblemB::determineHessianType()
                0x0000000048055ea0                QProblemB::obtainAuxiliaryWorkingSet(double const*, double const*, Bounds const*, Bounds*) const
                0x00000000480563f0                QProblemB::determineDataShift(double const*, double const*, double const*, double*, double*, double*, BooleanType&)
                0x0000000048056680                QProblemB::setupQPdata(SymmetricMatrix*, double const*, double const*, double const*)
                0x0000000048056910                QProblemB::setupQPdata(double const*, double const*, double const*, double const*)
                0x0000000048056c80                QProblemB::setupQPdataFromFile(char const*, char const*, char const*, char const*)
                0x0000000048057010                QProblemB::loadQPvectorsFromFile(char const*, char const*, char const*, double*, double*, double*) const
                0x0000000048057210                QProblemB::setInfeasibilityFlag(returnValue, BooleanType)
                0x0000000048057260                QProblemB::areBoundsConsistent(double const*, double const*) const
                0x00000000480572e0                QProblemB::isCPUtimeLimitExceeded(double const*, double, int) const
                0x0000000048057390                QProblemB::regulariseHessian()
                0x00000000480573b0                QProblemB::createDiagSparseMat(int, double)
                0x0000000048057560                QProblemB::performRatioTest(int, int const*, SubjectTo const*, double const*, double const*, double, double, double&, int&) const
                0x0000000048057670                QProblemB::getRelativeHomotopyLength(double const*, double const*, double const*)
                0x00000000480577c0                QProblemB::updateFarBounds(double, int, double const*, double*, double const*, double*) const
                0x0000000048057950                QProblemB::setupAuxiliaryQPsolution(double const*, double const*)
                0x0000000048057ac0                QProblemB::setupAuxiliaryQPgradient()
                0x0000000048057c70                QProblemB::performRamping()
                0x0000000048057f50                QProblemB::performDriftCorrection()
                0x00000000480580e0                QProblemB::setupAuxiliaryQPbounds(BooleanType)
                0x0000000048058340                QProblemB::determineStepDirection(double const*, double const*, double const*, BooleanType, double*, double*, double*)
                0x0000000048058a00                QProblemB::performStep(double const*, double const*, double const*, double const*, double const*, double const*, int&, SubjectToStatus&)
                0x0000000048058ed0                QProblemB::shallRefactorise(Bounds const*) const
                0x0000000048058f90                QProblemB::addBound(int, SubjectToStatus, BooleanType)
                0x00000000480593b0                QProblemB::removeBound(int, BooleanType)
                0x0000000048059a10                QProblemB::setupAuxiliaryWorkingSet(Bounds const*, BooleanType)
                0x0000000048059d70                QProblemB::setupAuxiliaryQP(Bounds const*)
                0x000000004805a030                QProblemB::changeActiveSet(int, SubjectToStatus)
                0x000000004805a160                QProblemB::solveQP(double const*, double const*, double const*, int&, double*, int, BooleanType)
                0x000000004805a9b0                QProblemB::solveRegularisedQP(double const*, double const*, double const*, int&, double*, int, BooleanType)
                0x000000004805acc0                QProblemB::hotstart(double const*, double const*, double const*, int&, double*, Bounds const*)
                0x000000004805b2b0                QProblemB::hotstart(char const*, char const*, char const*, int&, double*, Bounds const*)
                0x000000004805b5b0                QProblemB::printIteration(int, int, SubjectToStatus, double, BooleanType)
                0x000000004805b5c0                QProblemB::QProblemB()
                0x000000004805b5c0                QProblemB::QProblemB()
                0x000000004805b6f0                QProblemB::QProblemB(int, HessianType, BooleanType)
                0x000000004805b6f0                QProblemB::QProblemB(int, HessianType, BooleanType)
                0x000000004805ba30                QProblemB::QProblemB(QProblemB const&)
                0x000000004805ba30                QProblemB::QProblemB(QProblemB const&)
                0x000000004805bb00                QProblemB::~QProblemB()
                0x000000004805bb00                QProblemB::~QProblemB()
                0x000000004805bb60                QProblemB::~QProblemB()
                0x000000004805bb90                QProblemB::solveInitialQP(double const*, double const*, Bounds const*, double const*, int&, double*)
                0x000000004805c160                QProblemB::init(SymmetricMatrix*, double const*, double const*, double const*, int&, double*, double const*, double const*, Bounds const*, double const*)
                0x000000004805c440                QProblemB::init(double const*, double const*, double const*, double const*, int&, double*, double const*, double const*, Bounds const*, double const*)
                0x000000004805c720                QProblemB::init(char const*, char const*, char const*, char const*, int&, double*, double const*, double const*, Bounds const*, char const*)
 *fill*         0x000000004805cad8        0x8 00000000
 .text          0x000000004805cae0     0x15e8 Bounds.cppm07
                0x000000004805cae0                Bounds::~Bounds()
                0x000000004805cae0                Bounds::~Bounds()
                0x000000004805cb30                Bounds::~Bounds()
                0x000000004805cb60                Bounds::shift(int)
                0x000000004805d020                Bounds::rotate(int)
                0x000000004805d5c0                Bounds::Bounds()
                0x000000004805d5c0                Bounds::Bounds()
                0x000000004805d650                Bounds::Bounds(Bounds const&)
                0x000000004805d650                Bounds::Bounds(Bounds const&)
                0x000000004805d710                Bounds::operator=(Bounds const&)
                0x000000004805d770                Bounds::init(int)
                0x000000004805d810                Bounds::Bounds(int)
                0x000000004805d810                Bounds::Bounds(int)
                0x000000004805d8d0                Bounds::setupBound(int, SubjectToStatus)
                0x000000004805da40                Bounds::moveFixedToFree(int)
                0x000000004805db50                Bounds::moveFreeToFixed(int, SubjectToStatus)
                0x000000004805dc60                Bounds::flipFixed(int)
                0x000000004805dd60                Bounds::swapFree(int, int)
                0x000000004805ddf0                Bounds::print()
                0x000000004805de00                Bounds::clear()
                0x000000004805de10                Bounds::copy(Bounds const&)
                0x000000004805de60                Bounds::setupAll(SubjectToStatus)
                0x000000004805e0a0                Bounds::setupAllFree()
                0x000000004805e0b0                Bounds::setupAllLower()
                0x000000004805e0c0                Bounds::setupAllUpper()
 *fill*         0x000000004805e0c8        0x8 00000000
 .text          0x000000004805e0d0     0x1558 Constraints.cppm07
                0x000000004805e0d0                Constraints::~Constraints()
                0x000000004805e0d0                Constraints::~Constraints()
                0x000000004805e120                Constraints::~Constraints()
                0x000000004805e150                Constraints::shift(int)
                0x000000004805e610                Constraints::rotate(int)
                0x000000004805ebb0                Constraints::Constraints()
                0x000000004805ebb0                Constraints::Constraints()
                0x000000004805ec40                Constraints::Constraints(Constraints const&)
                0x000000004805ec40                Constraints::Constraints(Constraints const&)
                0x000000004805ed00                Constraints::operator=(Constraints const&)
                0x000000004805ed60                Constraints::init(int)
                0x000000004805ee00                Constraints::Constraints(int)
                0x000000004805ee00                Constraints::Constraints(int)
                0x000000004805eec0                Constraints::setupConstraint(int, SubjectToStatus)
                0x000000004805f030                Constraints::moveActiveToInactive(int)
                0x000000004805f140                Constraints::moveInactiveToActive(int, SubjectToStatus)
                0x000000004805f250                Constraints::flipFixed(int)
                0x000000004805f350                Constraints::print()
                0x000000004805f360                Constraints::clear()
                0x000000004805f370                Constraints::copy(Constraints const&)
                0x000000004805f3c0                Constraints::setupAll(SubjectToStatus)
                0x000000004805f600                Constraints::setupAllInactive()
                0x000000004805f610                Constraints::setupAllLower()
                0x000000004805f620                Constraints::setupAllUpper()
 *fill*         0x000000004805f628        0x8 00000000
 .text          0x000000004805f630      0x700 SubjectTo.cppm07
                0x000000004805f630                SubjectTo::clear()
                0x000000004805f690                SubjectTo::~SubjectTo()
                0x000000004805f690                SubjectTo::~SubjectTo()
                0x000000004805f6a0                SubjectTo::~SubjectTo()
                0x000000004805f6e0                SubjectTo::init(int)
                0x000000004805f810                SubjectTo::SubjectTo(int)
                0x000000004805f810                SubjectTo::SubjectTo(int)
                0x000000004805f830                SubjectTo::SubjectTo()
                0x000000004805f830                SubjectTo::SubjectTo()
                0x000000004805f890                SubjectTo::copy(SubjectTo const&)
                0x000000004805f9a0                SubjectTo::SubjectTo(SubjectTo const&)
                0x000000004805f9a0                SubjectTo::SubjectTo(SubjectTo const&)
                0x000000004805f9b0                SubjectTo::operator=(SubjectTo const&)
                0x000000004805fa00                SubjectTo::addIndex(Indexlist*, int, SubjectToStatus)
                0x000000004805fb20                SubjectTo::removeIndex(Indexlist*, int)
                0x000000004805fc00                SubjectTo::swapIndex(Indexlist*, int, int)
 .text          0x000000004805fd30      0x804 Indexlist.cppm07
                0x000000004805fd30                Indexlist::getNumberArray(int**) const
                0x000000004805fd90                Indexlist::getISortArray(int**) const
                0x000000004805fda0                Indexlist::clear()
                0x000000004805fe00                Indexlist::~Indexlist()
                0x000000004805fe00                Indexlist::~Indexlist()
                0x000000004805fe10                Indexlist::init(int)
                0x000000004805fef0                Indexlist::Indexlist(int)
                0x000000004805fef0                Indexlist::Indexlist(int)
                0x000000004805ff00                Indexlist::Indexlist()
                0x000000004805ff00                Indexlist::Indexlist()
                0x000000004805ff50                Indexlist::copy(Indexlist const&)
                0x0000000048060070                Indexlist::Indexlist(Indexlist const&)
                0x0000000048060070                Indexlist::Indexlist(Indexlist const&)
                0x0000000048060080                Indexlist::operator=(Indexlist const&)
                0x00000000480600d0                Indexlist::findInsert(int) const
                0x0000000048060180                Indexlist::getIndex(int) const
                0x00000000480601e0                Indexlist::addNumber(int)
                0x00000000480602c0                Indexlist::removeNumber(int)
                0x0000000048060420                Indexlist::swapNumbers(int, int)
 *fill*         0x0000000048060534        0xc 00000000
 .text          0x0000000048060540      0x668 Flipper.cppm07
                0x0000000048060540                Flipper::get(Bounds*, double*, Constraints*, double*, double*) const
                0x0000000048060660                Flipper::set(Bounds const*, double const*, Constraints const*, double const*, double const*)
                0x0000000048060820                Flipper::clear()
                0x00000000480608b0                Flipper::init(unsigned int, unsigned int)
                0x0000000048060900                Flipper::operator=(Flipper const&)
                0x0000000048060960                Flipper::copy(Flipper const&)
                0x0000000048060980                Flipper::getDimT() const
                0x00000000480609b0                Flipper::Flipper()
                0x00000000480609b0                Flipper::Flipper()
                0x0000000048060a30                Flipper::Flipper(unsigned int, unsigned int)
                0x0000000048060a30                Flipper::Flipper(unsigned int, unsigned int)
                0x0000000048060ac0                Flipper::Flipper(Flipper const&)
                0x0000000048060ac0                Flipper::Flipper(Flipper const&)
                0x0000000048060b70                Flipper::~Flipper()
                0x0000000048060b70                Flipper::~Flipper()
 *fill*         0x0000000048060ba8        0x8 00000000
 .text          0x0000000048060bb0      0xd14 Utils.cppm07
                0x0000000048060bb0                print(double const*, int, char const*)
                0x0000000048060bc0                print(double const*, int, int const*, char const*)
                0x0000000048060bd0                print(double const*, int, int, char const*)
                0x0000000048060be0                print(double const*, int, int, int const*, int const*, char const*)
                0x0000000048060bf0                print(int const*, int, char const*)
                0x0000000048060c00                myPrintf(char const*)
                0x0000000048060c10                printCopyrightNotice()
                0x0000000048060c20                readFromFile(double*, int, int, char const*)
                0x0000000048060c30                readFromFile(double*, int, char const*)
                0x0000000048060c40                readFromFile(int*, int, char const*)
                0x0000000048060c50                writeIntoFile(double const*, int, int, char const*, BooleanType)
                0x0000000048060c60                writeIntoFile(double const*, int, char const*, BooleanType)
                0x0000000048060c70                writeIntoFile(int const*, int, char const*, BooleanType)
                0x0000000048060c80                writeIntoMatFile(_Filet*, double const*, int, int, char const*)
                0x0000000048060c90                writeIntoMatFile(_Filet*, int const*, int, int, char const*)
                0x0000000048060d90                getCPUtime()
                0x0000000048060da0                getNorm(double const*, int, int)
                0x0000000048060ea0                getKktViolation(int, int, double const*, double const*, double const*, double const*, double const*, double const*, double const*, double const*, double const*, double&, double&, double&, double const*, double const*, BooleanType)
                0x0000000048061440                getKktViolation(int, double const*, double const*, double const*, double const*, double const*, double const*, double&, double&, double&, double const*, BooleanType)
                0x00000000480614c0                convertBooleanTypeToString(BooleanType, char*)
                0x00000000480614d0                convertSubjectToStatusToString(SubjectToStatus, char*)
                0x00000000480614e0                convertPrintLevelToString(PrintLevel, char*)
                0x00000000480614f0                getSimpleStatus(returnValue, BooleanType)
                0x0000000048061600                normaliseConstraints(int, int, double*, double*, double*, int)
                0x00000000480618c0                __cxa_pure_virtual
 *fill*         0x00000000480618c4        0xc 00000000
 .text          0x00000000480618d0      0x728 Options.cppm07
                0x00000000480618d0                Options::~Options()
                0x00000000480618d0                Options::~Options()
                0x00000000480618e0                Options::setToDefault()
                0x00000000480619f0                Options::Options()
                0x00000000480619f0                Options::Options()
                0x0000000048061a00                Options::setToReliable()
                0x0000000048061a50                Options::setToFast()
                0x0000000048061ac0                Options::setToMPC()
                0x0000000048061ad0                Options::ensureConsistency()
                0x0000000048061e70                Options::print() const
                0x0000000048061e80                Options::copy(Options const&)
                0x0000000048061fb0                Options::Options(Options const&)
                0x0000000048061fb0                Options::Options(Options const&)
                0x0000000048061fc0                Options::operator=(Options const&)
 *fill*         0x0000000048061ff8        0x8 00000000
 .text          0x0000000048062000     0xa5d8 Matrices.cppm07
                0x0000000048062000                DenseMatrix::diag(int) const
                0x0000000048062020                virtual thunk to DenseMatrix::diag(int) const
                0x0000000048062030                DenseMatrix::isDiag() const
                0x00000000480620f0                virtual thunk to DenseMatrix::isDiag() const
                0x0000000048062100                DenseMatrix::getRow(int, Indexlist const*, double, double*) const
                0x0000000048062370                virtual thunk to DenseMatrix::getRow(int, Indexlist const*, double, double*) const
                0x0000000048062380                DenseMatrix::getCol(int, Indexlist const*, double, double*) const
                0x00000000480624e0                virtual thunk to DenseMatrix::getCol(int, Indexlist const*, double, double*) const
                0x00000000480624f0                DenseMatrix::times(Indexlist const*, Indexlist const*, int, double, double const*, int, double, double*, int, BooleanType) const
                0x0000000048063390                virtual thunk to DenseMatrix::times(Indexlist const*, Indexlist const*, int, double, double const*, int, double, double*, int, BooleanType) const
                0x00000000480633a0                DenseMatrix::transTimes(Indexlist const*, Indexlist const*, int, double, double const*, int, double, double*, int) const
                0x0000000048063900                virtual thunk to DenseMatrix::transTimes(Indexlist const*, Indexlist const*, int, double, double const*, int, double, double*, int) const
                0x0000000048063910                DenseMatrix::addToDiag(double)
                0x0000000048063980                virtual thunk to DenseMatrix::addToDiag(double)
                0x0000000048063990                SymDenseMat::duplicate() const
                0x00000000480639e0                virtual thunk to SymDenseMat::duplicate() const
                0x00000000480639f0                SparseMatrix::setVal(double const*)
                0x0000000048063a50                SparseMatrix::isDiag() const
                0x0000000048063af0                virtual thunk to SparseMatrix::isDiag() const
                0x0000000048063b00                SparseMatrix::getRow(int, Indexlist const*, double, double*) const
                0x0000000048063ef0                virtual thunk to SparseMatrix::getRow(int, Indexlist const*, double, double*) const
                0x0000000048063f00                SparseMatrix::getCol(int, Indexlist const*, double, double*) const
                0x00000000480641d0                virtual thunk to SparseMatrix::getCol(int, Indexlist const*, double, double*) const
                0x00000000480641e0                SparseMatrix::times(int, double, double const*, int, double, double*, int) const
                0x0000000048064690                virtual thunk to SparseMatrix::times(int, double, double const*, int, double, double*, int) const
                0x00000000480646a0                SparseMatrix::transTimes(int, double, double const*, int, double, double*, int) const
                0x0000000048064b50                virtual thunk to SparseMatrix::transTimes(int, double, double const*, int, double, double*, int) const
                0x0000000048064b60                SparseMatrixRow::isDiag() const
                0x0000000048064c00                virtual thunk to SparseMatrixRow::isDiag() const
                0x0000000048064c10                SparseMatrixRow::getRow(int, Indexlist const*, double, double*) const
                0x0000000048065080                virtual thunk to SparseMatrixRow::getRow(int, Indexlist const*, double, double*) const
                0x0000000048065090                SparseMatrixRow::getCol(int, Indexlist const*, double, double*) const
                0x0000000048065480                virtual thunk to SparseMatrixRow::getCol(int, Indexlist const*, double, double*) const
                0x0000000048065490                SparseMatrixRow::times(int, double, double const*, int, double, double*, int) const
                0x0000000048065940                virtual thunk to SparseMatrixRow::times(int, double, double const*, int, double, double*, int) const
                0x0000000048065950                SparseMatrixRow::transTimes(int, double, double const*, int, double, double*, int) const
                0x0000000048065e00                virtual thunk to SparseMatrixRow::transTimes(int, double, double const*, int, double, double*, int) const
                0x0000000048065e10                SparseMatrixRow::times(Indexlist const*, Indexlist const*, int, double, double const*, int, double, double*, int, BooleanType) const
                0x0000000048066fb0                virtual thunk to SparseMatrixRow::times(Indexlist const*, Indexlist const*, int, double, double const*, int, double, double*, int, BooleanType) const
                0x0000000048066fc0                SparseMatrixRow::transTimes(Indexlist const*, Indexlist const*, int, double, double const*, int, double, double*, int) const
                0x00000000480675f0                virtual thunk to SparseMatrixRow::transTimes(Indexlist const*, Indexlist const*, int, double, double const*, int, double, double*, int) const
                0x0000000048067600                SymSparseMat::duplicate() const
                0x0000000048067650                virtual thunk to SymSparseMat::duplicate() const
                0x0000000048067660                non-virtual thunk to SymSparseMat::duplicate() const
                0x0000000048067670                Matrix::getSparseSubmatrix(Indexlist const*, Indexlist const*, int, int, int&, int*, int*, double*, BooleanType) const
                0x0000000048067750                Matrix::getSparseSubmatrix(Indexlist const*, int, int, int, int&, int*, int*, double*, BooleanType) const
                0x0000000048067820                Matrix::getSparseSubmatrix(int, Indexlist const*, int, int, int&, int*, int*, double*, BooleanType) const
                0x00000000480678f0                DenseMatrix::free()
                0x0000000048067930                virtual thunk to DenseMatrix::free()
                0x0000000048067940                DenseMatrix::~DenseMatrix()
                0x0000000048067970                virtual thunk to DenseMatrix::~DenseMatrix()
                0x0000000048067980                DenseMatrix::~DenseMatrix()
                0x00000000480679b0                virtual thunk to DenseMatrix::~DenseMatrix()
                0x00000000480679c0                SparseMatrix::free()
                0x0000000048067a60                virtual thunk to SparseMatrix::free()
                0x0000000048067a70                SparseMatrix::~SparseMatrix()
                0x0000000048067af0                virtual thunk to SparseMatrix::~SparseMatrix()
                0x0000000048067b00                SparseMatrix::~SparseMatrix()
                0x0000000048067b30                virtual thunk to SparseMatrix::~SparseMatrix()
                0x0000000048067b40                SparseMatrixRow::free()
                0x0000000048067be0                virtual thunk to SparseMatrixRow::free()
                0x0000000048067bf0                SparseMatrixRow::~SparseMatrixRow()
                0x0000000048067c70                virtual thunk to SparseMatrixRow::~SparseMatrixRow()
                0x0000000048067c80                SparseMatrixRow::~SparseMatrixRow()
                0x0000000048067cb0                virtual thunk to SparseMatrixRow::~SparseMatrixRow()
                0x0000000048067cc0                DenseMatrix::full() const
                0x0000000048067d30                virtual thunk to DenseMatrix::full() const
                0x0000000048067d40                SymDenseMat::bilinear(Indexlist const*, int, double const*, int, double*, int) const
                0x0000000048067ff0                non-virtual thunk to SymDenseMat::bilinear(Indexlist const*, int, double const*, int, double*, int) const
                0x0000000048068000                SparseMatrix::full() const
                0x0000000048068110                virtual thunk to SparseMatrix::full() const
                0x0000000048068120                SparseMatrixRow::full() const
                0x0000000048068230                virtual thunk to SparseMatrixRow::full() const
                0x0000000048068240                SparseMatrix::transTimes(Indexlist const*, Indexlist const*, int, double, double const*, int, double, double*, int) const
                0x0000000048068600                virtual thunk to SparseMatrix::transTimes(Indexlist const*, Indexlist const*, int, double, double const*, int, double, double*, int) const
                0x0000000048068610                SparseMatrix::times(Indexlist const*, Indexlist const*, int, double, double const*, int, double, double*, int, BooleanType) const
                0x00000000480692f0                virtual thunk to SparseMatrix::times(Indexlist const*, Indexlist const*, int, double, double const*, int, double, double*, int, BooleanType) const
                0x0000000048069300                DenseMatrix::duplicate() const
                0x0000000048069440                virtual thunk to DenseMatrix::duplicate() const
                0x0000000048069450                SymDenseMat::duplicateSym() const
                0x0000000048069590                non-virtual thunk to SymDenseMat::duplicateSym() const
                0x00000000480695a0                SymSparseMat::duplicateSym() const
                0x0000000048069800                SparseMatrix::duplicate() const
                0x0000000048069a80                virtual thunk to SparseMatrix::duplicate() const
                0x0000000048069a90                SparseMatrixRow::duplicate() const
                0x0000000048069d00                virtual thunk to SparseMatrixRow::duplicate() const
                0x0000000048069d10                DenseMatrix::getNorm(int) const
                0x0000000048069d30                virtual thunk to DenseMatrix::getNorm(int) const
                0x0000000048069d40                DenseMatrix::getRowNorm(int, int) const
                0x0000000048069d60                virtual thunk to DenseMatrix::getRowNorm(int, int) const
                0x0000000048069d70                DenseMatrix::getRowNorm(double*, int) const
                0x0000000048069e10                virtual thunk to DenseMatrix::getRowNorm(double*, int) const
                0x0000000048069e20                SparseMatrix::getNorm(int) const
                0x0000000048069e40                virtual thunk to SparseMatrix::getNorm(int) const
                0x0000000048069e50                SparseMatrixRow::getNorm(int) const
                0x0000000048069e70                virtual thunk to SparseMatrixRow::getNorm(int) const
                0x0000000048069e80                SparseMatrixRow::getRowNorm(int, int) const
                0x0000000048069eb0                virtual thunk to SparseMatrixRow::getRowNorm(int, int) const
                0x0000000048069ec0                SparseMatrixRow::getRowNorm(double*, int) const
                0x0000000048069f70                virtual thunk to SparseMatrixRow::getRowNorm(double*, int) const
                0x0000000048069f80                DenseMatrix::writeToFile(_Filet*, char const*) const
                0x0000000048069fc0                virtual thunk to DenseMatrix::writeToFile(_Filet*, char const*) const
                0x0000000048069fd0                SparseMatrix::getSparseSubmatrix(int, int const*, int, int const*, int, int, int&, int*, int*, double*, BooleanType) const
                0x000000004806a450                virtual thunk to SparseMatrix::getSparseSubmatrix(int, int const*, int, int const*, int, int, int&, int*, int*, double*, BooleanType) const
                0x000000004806a460                SparseMatrixRow::writeToFile(_Filet*, char const*) const
                0x000000004806a4a0                virtual thunk to SparseMatrixRow::writeToFile(_Filet*, char const*) const
                0x000000004806a4b0                SymSparseMat::bilinear(Indexlist const*, int, double const*, int, double*, int) const
                0x000000004806a8c0                DenseMatrix::getSparseSubmatrix(int, int const*, int, int const*, int, int, int&, int*, int*, double*, BooleanType) const
                0x000000004806ac70                virtual thunk to DenseMatrix::getSparseSubmatrix(int, int const*, int, int const*, int, int, int&, int*, int*, double*, BooleanType) const
                0x000000004806ac80                DenseMatrix::times(int, double, double const*, int, double, double*, int) const
                0x000000004806ad50                virtual thunk to DenseMatrix::times(int, double, double const*, int, double, double*, int) const
                0x000000004806ad60                DenseMatrix::transTimes(int, double, double const*, int, double, double*, int) const
                0x000000004806ae30                virtual thunk to DenseMatrix::transTimes(int, double, double const*, int, double, double*, int) const
                0x000000004806ae40                DenseMatrix::print(char const*) const
                0x000000004806ae60                virtual thunk to DenseMatrix::print(char const*) const
                0x000000004806ae70                SparseMatrix::print(char const*) const
                0x000000004806aef0                virtual thunk to SparseMatrix::print(char const*) const
                0x000000004806af00                SparseMatrixRow::print(char const*) const
                0x000000004806af80                virtual thunk to SparseMatrixRow::print(char const*) const
                0x000000004806af90                SparseMatrix::getRowNorm(int, int) const
                0x000000004806b150                virtual thunk to SparseMatrix::getRowNorm(int, int) const
                0x000000004806b160                SparseMatrix::getRowNorm(double*, int) const
                0x000000004806b320                virtual thunk to SparseMatrix::getRowNorm(double*, int) const
                0x000000004806b330                SparseMatrix::writeToFile(_Filet*, char const*) const
                0x000000004806b4b0                virtual thunk to SparseMatrix::writeToFile(_Filet*, char const*) const
                0x000000004806b4c0                SparseMatrixRow::getSparseSubmatrix(int, int const*, int, int const*, int, int, int&, int*, int*, double*, BooleanType) const
                0x000000004806b520                virtual thunk to SparseMatrixRow::getSparseSubmatrix(int, int const*, int, int const*, int, int, int&, int*, int*, double*, BooleanType) const
                0x000000004806b530                SparseMatrix::diag(int) const
                0x000000004806b5e0                virtual thunk to SparseMatrix::diag(int) const
                0x000000004806b5f0                SparseMatrixRow::diag(int) const
                0x000000004806b6a0                virtual thunk to SparseMatrixRow::diag(int) const
                0x000000004806b6b0                SparseMatrix::addToDiag(double)
                0x000000004806b7c0                virtual thunk to SparseMatrix::addToDiag(double)
                0x000000004806b7d0                SparseMatrixRow::addToDiag(double)
                0x000000004806b8e0                virtual thunk to SparseMatrixRow::addToDiag(double)
                0x000000004806b8f0                DenseMatrix::~DenseMatrix()
                0x000000004806b930                SparseMatrix::SparseMatrix()
                0x000000004806b970                SparseMatrix::SparseMatrix()
                0x000000004806b9b0                SparseMatrix::SparseMatrix(int, int, int*, int*, double*)
                0x000000004806ba00                SparseMatrix::SparseMatrix(int, int, int*, int*, double*)
                0x000000004806ba40                SparseMatrix::SparseMatrix(int, int, int, double const*)
                0x000000004806bbf0                SparseMatrix::SparseMatrix(int, int, int, double const*)
                0x000000004806bdd0                SparseMatrix::~SparseMatrix()
                0x000000004806be60                SparseMatrix::createDiagInfo()
                0x000000004806bf90                SparseMatrixRow::SparseMatrixRow()
                0x000000004806bfd0                SparseMatrixRow::SparseMatrixRow()
                0x000000004806c010                SparseMatrixRow::SparseMatrixRow(int, int, int*, int*, double*)
                0x000000004806c060                SparseMatrixRow::SparseMatrixRow(int, int, int*, int*, double*)
                0x000000004806c0a0                SparseMatrixRow::SparseMatrixRow(int, int, int, double const*)
                0x000000004806c250                SparseMatrixRow::SparseMatrixRow(int, int, int, double const*)
                0x000000004806c420                SparseMatrixRow::~SparseMatrixRow()
                0x000000004806c4b0                SparseMatrixRow::createDiagInfo()
 *fill*         0x000000004806c5d8        0x8 00000000
 .text._ZN11SymDenseMatD1Ev
                0x000000004806c5e0       0x48 Matrices.cppm07
                0x000000004806c5e0                SymDenseMat::~SymDenseMat()
                0x000000004806c610                virtual thunk to SymDenseMat::~SymDenseMat()
                0x000000004806c620                non-virtual thunk to SymDenseMat::~SymDenseMat()
 *fill*         0x000000004806c628        0x8 00000000
 .text._ZN11SymDenseMatD0Ev
                0x000000004806c630       0x68 Matrices.cppm07
                0x000000004806c630                SymDenseMat::~SymDenseMat()
                0x000000004806c680                virtual thunk to SymDenseMat::~SymDenseMat()
                0x000000004806c690                non-virtual thunk to SymDenseMat::~SymDenseMat()
 *fill*         0x000000004806c698        0x8 00000000
 .text._ZN12SymSparseMatD1Ev
                0x000000004806c6a0       0x48 Matrices.cppm07
                0x000000004806c6a0                SymSparseMat::~SymSparseMat()
                0x000000004806c6d0                virtual thunk to SymSparseMat::~SymSparseMat()
                0x000000004806c6e0                non-virtual thunk to SymSparseMat::~SymSparseMat()
 *fill*         0x000000004806c6e8        0x8 00000000
 .text          0x000000004806c6f0      0xe14 BLASReplacement.cppm07
                0x000000004806c6f0                dgemm_
                0x000000004806ce00                sgemm_
 *fill*         0x000000004806d504        0xc 00000000
 .text          0x000000004806d510      0x454 LAPACKReplacement.cppm07
                0x000000004806d510                dpotrf_
                0x000000004806d700                spotrf_
                0x000000004806d8f0                dtrtrs_
                0x000000004806d910                strtrs_
                0x000000004806d930                dtrcon_
                0x000000004806d950                strcon_
 *fill*         0x000000004806d964        0xc 00000000
 .text          0x000000004806d970      0x1bc MessageHandling.cppm07
                0x000000004806d970                MessageHandling::~MessageHandling()
                0x000000004806d970                MessageHandling::~MessageHandling()
                0x000000004806d980                MessageHandling::MessageHandling()
                0x000000004806d980                MessageHandling::MessageHandling()
                0x000000004806d9b0                MessageHandling::MessageHandling(_Filet*)
                0x000000004806d9b0                MessageHandling::MessageHandling(_Filet*)
                0x000000004806d9d0                MessageHandling::MessageHandling(VisibilityStatus, VisibilityStatus, VisibilityStatus)
                0x000000004806d9d0                MessageHandling::MessageHandling(VisibilityStatus, VisibilityStatus, VisibilityStatus)
                0x000000004806da00                MessageHandling::MessageHandling(_Filet*, VisibilityStatus, VisibilityStatus, VisibilityStatus)
                0x000000004806da00                MessageHandling::MessageHandling(_Filet*, VisibilityStatus, VisibilityStatus, VisibilityStatus)
                0x000000004806da20                MessageHandling::MessageHandling(MessageHandling const&)
                0x000000004806da20                MessageHandling::MessageHandling(MessageHandling const&)
                0x000000004806da50                MessageHandling::operator=(MessageHandling const&)
                0x000000004806da90                MessageHandling::throwError(returnValue, char const*, char const*, char const*, unsigned long, VisibilityStatus)
                0x000000004806daa0                MessageHandling::throwWarning(returnValue, char const*, char const*, char const*, unsigned long, VisibilityStatus)
                0x000000004806dab0                MessageHandling::throwInfo(returnValue, char const*, char const*, char const*, unsigned long, VisibilityStatus)
                0x000000004806dac0                MessageHandling::reset()
                0x000000004806daf0                MessageHandling::listAllMessages()
                0x000000004806db00                MessageHandling::throwMessage(returnValue, char const*, char const*, char const*, unsigned long, VisibilityStatus, char const*)
                0x000000004806db10                MessageHandling::getErrorCodeMessage(returnValue)
                0x000000004806db20                getGlobalMessageHandler()
 *fill*         0x000000004806db2c        0x4 00000000
 .text.startup  0x000000004806db30       0x44 MessageHandling.cppm07
 *fill*         0x000000004806db74        0xc 00000000
 .text          0x000000004806db80     0x1188 example_QProblem.m07
                0x000000004806db80                example_QProblem_output0
                0x000000004806db90                example_QProblem_update0
                0x000000004806dc10                example_QProblem_output1
                0x000000004806e490                example_QProblem_update1
                0x000000004806e510                example_QProblem_output
                0x000000004806e520                example_QProblem_update
                0x000000004806e560                example_QProblem_initialize
                0x000000004806ecf0                example_QProblem_terminate
 *fill*         0x000000004806ed08        0x8 00000000
 .text          0x000000004806ed10      0x68c rt_matrx.m07
                0x000000004806ed10                rt_mxCreateCharMatrixFromStrings
                0x000000004806ef20                rt_mxCreateString
                0x000000004806eff0                rt_mxCreateDoubleMatrix
                0x000000004806f0b0                rt_mxCreateNumericArray
                0x000000004806f0f0                rt_mxDuplicateArray
                0x000000004806f1e0                rt_mxGetDimensions
                0x000000004806f290                rt_mxGetEps
                0x000000004806f2a0                rt_mxGetString
 *fill*         0x000000004806f39c        0x4 00000000
 .text          0x000000004806f3a0       0xc8 rt_printf.m07
                0x000000004806f3a0                rtPrintfNoOp
 .text          0x000000004806f468        0x0 example_QProblem_data.m07
 .text          0x000000004806f468       0x84 example_QProblem_trc_ptr.m07
                0x000000004806f4b8                example_QProblem_rti_init_trc_pointers
 *fill*         0x000000004806f4ec        0x4 00000000
 .text          0x000000004806f4f0       0x5c rtGetInf.m07
[...]
                0x0000000048099b88                dsrtt_set_current_time
                0x0000000048099b90                sqrt
                0x0000000048099b98                calloc
                0x0000000048099ba0                operator new[](unsigned int)
                0x0000000048099ba8                rtk_current_task_absolute_time_ptr_get
                0x0000000048099bb0                DsTimeSync_simstateRun
                0x0000000048099bb8                operator delete[](void*)
                0x0000000048099bc0                memcpy
                0x0000000048099bc8                rtk_setup_temp_overrun_handling
                0x0000000048099bd0                SrtkIntBase_requestTaskMode
                0x0000000048099bd8                rtk_reset_tasks
                0x0000000048099be0                rtk_scheduler
                0x0000000048099be8                __cxa_finalize
                0x0000000048099bf0                malloc
                0x0000000048099bf8                operator delete(void*)
                0x0000000048099c00                _init_array
                0x0000000048099c08                rtk_set_task_type
                0x0000000048099c10                DsTimeSync_baserate
                0x0000000048099c18                rtk_task_name_set
                0x0000000048099c20                strlen
                0x0000000048099c28                __wrap_fwrite
                0x0000000048099c30                dsrtt_script_service_post_computation
                0x0000000048099c38                rtk_create_task
                0x0000000048099c40                __cxa_atexit
                0x0000000048099c48                msg_warning_printf
                0x0000000048099c50                msg_last_error_number
                0x0000000048099c58                dsparam_copy_data_set
                0x0000000048099c60                SrtkPreload_preloadRegion
                0x0000000048099c68                msg_error_set
                0x0000000048099c70                rtk_enable_services
                0x0000000048099c78                SrtkDaq_Init
                0x0000000048099c80                __gxx_personality_v0
                0x0000000048099c88                rtk_task_task_calls_get
                0x0000000048099c90                _Unwind_Resume
                0x0000000048099c98                __wrap_fprintf
                0x0000000048099ca0                DsTimeSync_setCurrentTimePtr
                0x0000000048099ca8                SrtkIntBase_enableIntGlobal
                0x0000000048099cb0                vsprintf
                0x0000000048099cb8                rtk_get_task_pointer
                0x0000000048099cc0                rtk_overrun_flag_clear
                0x0000000048099cc8                rtk_bind_interrupt
                0x0000000048099cd0                _init_libc
                0x0000000048099cd8                dsrtt_init
                0x0000000048099ce0                msg_info_set
                0x0000000048099ce8                dsrtt_script_service_pre_computation
                0x0000000048099cf0                msg_error_printf
                0x0000000048099cf8                memset
                0x0000000048099d00                rtk_leave_idle_mode
                0x0000000048099d08                __wrap_exit
                0x0000000048099d10                __wrap_atexit
                0x0000000048099d18                _fini_array
                0x0000000048099d20                SrtkDaq_Background
                0x0000000048099d28                _preinit_array
                0x0000000048099d30                SrtkApp_init
                0x0000000048099d38                rtk_task_user_data_get
                0x0000000048099d40                SrtkDaq_Service
                0x0000000048099d48                rtk_task_task_name_get
                0x0000000048099d50                SrtkSim_notifyStateTransition
                0x0000000048099d58                __cxa_throw_bad_array_new_length
                0x0000000048099d60                msg_info_printf
                0x0000000048099d68                msg_set
                0x0000000048099d70                ds5203_program
                0x0000000048099d78                rtk_get_subentry
                0x0000000048099d80                free
                0x0000000048099d88                dsrtt_set_step_size
                0x0000000048099d90                rtk_enter_idle_mode
                0x0000000048099d98                rtk_initialize
                0x0000000048099da0                operator new(unsigned int)
                0x0000000048099da8                SrtkApp_background
                0x0000000048099db0                rtk_default_overrun_fcn
                0x0000000048099db8                vcm_module_register
                0x0000000048099dc0                DsTimeSync_simstateStop
                0x0000000048099dc8                SrtkIntBase_disableIntGlobal
                0x0000000048099dd0                SrtkSim_registerState
                0x0000000048099dd8                __deregister_frame_info

.bss            0x0000000048099f20     0x1a5c
 *(.dynbss)
 .dynbss        0x0000000048099f20      0xb6c C:\ProgramData\dSPACE\7290F786-B6F7-4BA3-9178-C21B0382F310\Compiler\QNX650_520\target\qnx6/ppcbe/lib/crt1.o
                0x0000000048099f20                errno
                0x0000000048099f28                dsts_sum_of_reseted_time
                0x0000000048099f30                msg_last_error_no
                0x0000000048099f34                SrtkBoard_pControlRegisters
                0x0000000048099f38                phs_basetbl
                0x000000004809a9b8                _Stderr
                0x000000004809aa08                vtable for __cxxabiv1::__vmi_class_type_info
                0x000000004809aa34                vtable for __cxxabiv1::__class_type_info
                0x000000004809aa60                vtable for __cxxabiv1::__si_class_type_info
 *(.bss .bss.* .gnu.linkonce.b.*)
 .bss           0x000000004809aa8c        0x0 C:\ProgramData\dSPACE\7290F786-B6F7-4BA3-9178-C21B0382F310\Compiler\QNX650_520\target\qnx6/ppcbe/lib/crt1.o
 .bss           0x000000004809aa8c        0x0 C:\ProgramData\dSPACE\7290F786-B6F7-4BA3-9178-C21B0382F310\Compiler\QNX650_520\target\qnx6/ppcbe/lib/crti.o
 .bss           0x000000004809aa8c       0x20 c:/programdata/dspace/7290f786-b6f7-4ba3-9178-c21b0382f310/compiler/qnx650_520/host/win32/x86/usr/bin/../lib/gcc/powerpc-unknown-nto-qnx6.5.0/5.2.0/crtbegin.o
 .bss           0x000000004809aaac        0x0 SQProblem.cppm07
 .bss           0x000000004809aaac        0x0 QProblem.cppm07
 .bss           0x000000004809aaac        0x0 QProblemB.cppm07
 .bss           0x000000004809aaac        0x0 Bounds.cppm07
 .bss           0x000000004809aaac        0x0 Constraints.cppm07
 .bss           0x000000004809aaac        0x0 SubjectTo.cppm07
 .bss           0x000000004809aaac        0x0 Indexlist.cppm07
 .bss           0x000000004809aaac        0x0 Flipper.cppm07
 .bss           0x000000004809aaac        0x0 Utils.cppm07
 .bss           0x000000004809aaac        0x0 Options.cppm07
 .bss           0x000000004809aaac        0x0 Matrices.cppm07
 .bss           0x000000004809aaac        0x0 BLASReplacement.cppm07
 .bss           0x000000004809aaac        0x0 LAPACKReplacement.cppm07
 .bss           0x000000004809aaac       0x20 MessageHandling.cppm07
                0x000000004809aac0                returnValueList
 *fill*         0x000000004809aacc        0x4 
 .bss           0x000000004809aad0      0x9d8 example_QProblem.m07
                0x000000004809b3d0                example_QProblem_DW
                0x000000004809b440                example_QProblem_B
 .bss           0x000000004809b4a8        0x8 rt_matrx.m07
 .bss           0x000000004809b4b0      0x400 rt_printf.m07
 .bss           0x000000004809b8b0        0x0 example_QProblem_data.m07
 .bss           0x000000004809b8b0        0xc example_QProblem_trc_ptr.m07
                0x000000004809b8b0                p_0_example_QProblem_real_T_0
                0x000000004809b8b4                p_1_example_QProblem_real_T_0
                0x000000004809b8b8                p_2_example_QProblem_int_T_1
 .bss           0x000000004809b8bc        0x0 rtGetInf.m07
 .bss           0x000000004809b8bc        0x0 rtGetNaN.m07
 *fill*         0x000000004809b8bc        0x4 
 .bss           0x000000004809b8c0       0x2c rt_nonfinite.m07
                0x000000004809b8c0                rtNaN
                0x000000004809b8c8                rtNaNF
                0x000000004809b8d0                rtInf
                0x000000004809b8d8                rtInfF
                0x000000004809b8e0                rtMinusInf
                0x000000004809b8e8                rtMinusInfF
 .bss           0x000000004809b8ec        0x0 qpOASES_QProblem.cppm07
 *fill*         0x000000004809b8ec        0x4 
 .bss           0x000000004809b8f0       0x68 rti_sim_engine.m07
                0x000000004809b8f0                currentTime
                0x000000004809b8f4                finalTime
                0x000000004809b8f8                modelStepSize
                0x000000004809b900                taskMode
                0x000000004809b904                pRti_TIMERA_STime
                0x000000004809b908                pRti_TIMERA_TTime
                0x000000004809b90c                pRti_TIMERA_TState
                0x000000004809b910                pRti_TIMERA_OType
                0x000000004809b914                pRti_TIMERA_OMax
                0x000000004809b918                pRti_TIMERA_ORpt
                0x000000004809b91c                pRti_TIMERA_OCnt
                0x000000004809b920                pRti_TIMERA_TCnt
                0x000000004809b924                pRti_TIMERA_Prio
                0x000000004809b92c                pRti_TIMERA2_STime
                0x000000004809b930                pRti_TIMERA2_TTime
                0x000000004809b934                pRti_TIMERA2_TState
                0x000000004809b938                pRti_TIMERA2_OType
                0x000000004809b93c                pRti_TIMERA2_OMax
                0x000000004809b940                pRti_TIMERA2_ORpt
                0x000000004809b944                pRti_TIMERA2_OCnt
                0x000000004809b948                pRti_TIMERA2_TCnt
                0x000000004809b94c                pRti_TIMERA2_Prio
                0x000000004809b954                rtiAssertionMode
 .bss           0x000000004809b958        0x8 rti_init_cpp.m07
                0x000000004809b95c                _cplusplus_used
 .bss           0x000000004809b960        0x0 rt_sim.m07
 .bss           0x000000004809b960        0x0 rti_assert.m07
 .bss           0x000000004809b960        0x8 Handcode_FPGA_Inverter_53A2F2A927216E.m07
                0x000000004809b960                compat_board_plds_min_53A2F2A927216E
                0x000000004809b964                compat_board_plds_maj_53A2F2A927216E
 .bss           0x000000004809b968        0x0 C:\Program Files\dSPACE RCPHIL 2021-A\DS1007\Lib/librtversion.a(RtVersion.o)
 .bss           0x000000004809b968       0x14 C:\Program Files\dSPACE RCPHIL 2021-A\DS1007\Lib/librtglobals.a(DsEESPort.o)
                0x000000004809b968                xilapi_eesport_trigger_uint32_T
                0x000000004809b96c                xilapi_eesport_flags_uint32_T
                0x000000004809b970                xilapi_eesport_errorswitching_uint32_T
                0x000000004809b974                xilapi_eesport_erroractivated_uint32_T
                0x000000004809b978                xilapi_eesport_activeerrorset_uint32_T
 .bss           0x000000004809b97c        0x0 C:\Program Files\dSPACE RCPHIL 2021-A\DS1007\Lib/libm_fastpow.a(w_pow.o)
 .bss           0x000000004809b97c        0x0 C:\Program Files\dSPACE RCPHIL 2021-A\DS1007\Lib/libm_fastpow.a(e_pow.o)
 .bss           0x000000004809b97c        0x0 C:\Program Files\dSPACE RCPHIL 2021-A\DS1007\Lib/libm_fastpow.a(s_scalbn.o)
 .bss           0x000000004809b97c        0x0 c:/programdata/dspace/7290f786-b6f7-4ba3-9178-c21b0382f310/compiler/qnx650_520/host/win32/x86/usr/bin/../lib/gcc/powerpc-unknown-nto-qnx6.5.0/5.2.0/crtend.o
 .bss           0x000000004809b97c        0x0 C:\ProgramData\dSPACE\7290F786-B6F7-4BA3-9178-C21B0382F310\Compiler\QNX650_520\target\qnx6/ppcbe/lib/crtn.o
 *(COMMON)
                0x000000004809b97c                . = ALIGN ((. != 0x0)?0x4:0x1)

.iplt           0x000000004809b980        0x0
 .iplt          0x000000004809b980        0x0 C:\ProgramData\dSPACE\7290F786-B6F7-4BA3-9178-C21B0382F310\Compiler\QNX650_520\target\qnx6/ppcbe/lib/crt1.o
                0x000000004809b980                . = ALIGN (0x4)
                0x000000004809b980                . = ALIGN (0x4)
                0x000000004809b980                __end = .
                0x000000004809b980                _end = .
                [!provide]                        PROVIDE (end, .)
                0x000000004809b980                . = DATA_SEGMENT_END (.)

.stab
 *(.stab)

.stabstr
 *(.stabstr)

.stab.excl
 *(.stab.excl)

.stab.exclstr
 *(.stab.exclstr)

.stab.index
 *(.stab.index)

.stab.indexstr
 *(.stab.indexstr)

.comment        0x0000000000000000       0x47
 *(.comment)
 .comment       0x0000000000000000       0x11 c:/programdata/dspace/7290f786-b6f7-4ba3-9178-c21b0382f310/compiler/qnx650_520/host/win32/x86/usr/bin/../lib/gcc/powerpc-unknown-nto-qnx6.5.0/5.2.0/crtbegin.o
                                         0x12 (size before relaxing)
 .comment       0x0000000000000011       0x12 SQProblem.cppm07
 .comment       0x0000000000000011       0x12 QProblem.cppm07
 .comment       0x0000000000000011       0x12 QProblemB.cppm07
 .comment       0x0000000000000011       0x12 Bounds.cppm07
 .comment       0x0000000000000011       0x12 Constraints.cppm07
 .comment       0x0000000000000011       0x12 SubjectTo.cppm07
 .comment       0x0000000000000011       0x12 Indexlist.cppm07
 .comment       0x0000000000000011       0x12 Flipper.cppm07
 .comment       0x0000000000000011       0x12 Utils.cppm07
 .comment       0x0000000000000011       0x12 Options.cppm07
 .comment       0x0000000000000011       0x12 Matrices.cppm07
 .comment       0x0000000000000011       0x12 BLASReplacement.cppm07
 .comment       0x0000000000000011       0x12 LAPACKReplacement.cppm07
 .comment       0x0000000000000011       0x12 MessageHandling.cppm07
 .comment       0x0000000000000011       0x12 example_QProblem.m07
 .comment       0x0000000000000011       0x12 rt_matrx.m07
 .comment       0x0000000000000011       0x12 rt_printf.m07
 .comment       0x0000000000000011       0x12 example_QProblem_data.m07
 .comment       0x0000000000000011       0x12 example_QProblem_trc_ptr.m07
 .comment       0x0000000000000011       0x12 rtGetInf.m07
 .comment       0x0000000000000011       0x12 rtGetNaN.m07
 .comment       0x0000000000000011       0x12 rt_nonfinite.m07
 .comment       0x0000000000000011       0x12 qpOASES_QProblem.cppm07
 .comment       0x0000000000000011       0x12 rti_sim_engine.m07
 .comment       0x0000000000000011       0x12 rti_init_cpp.m07
 .comment       0x0000000000000011       0x12 rt_sim.m07
 .comment       0x0000000000000011       0x12 rti_assert.m07
 .comment       0x0000000000000011       0x12 Handcode_FPGA_Inverter_53A2F2A927216E.m07
 .comment       0x0000000000000011       0x12 C:\Program Files\dSPACE RCPHIL 2021-A\DS1007\Lib/librtversion.a(RtVersion.o)
 .comment       0x0000000000000011       0x12 C:\Program Files\dSPACE RCPHIL 2021-A\DS1007\Lib/librtglobals.a(DsEESPort.o)
 .comment       0x0000000000000011       0x12 C:\Program Files\dSPACE RCPHIL 2021-A\DS1007\Lib/libm_fastpow.a(w_pow.o)
 .comment       0x0000000000000023       0x12 C:\Program Files\dSPACE RCPHIL 2021-A\DS1007\Lib/libm_fastpow.a(e_pow.o)
 .comment       0x0000000000000035       0x12 C:\Program Files\dSPACE RCPHIL 2021-A\DS1007\Lib/libm_fastpow.a(s_scalbn.o)
 .comment       0x0000000000000047       0x12 c:/programdata/dspace/7290f786-b6f7-4ba3-9178-c21b0382f310/compiler/qnx650_520/host/win32/x86/usr/bin/../lib/gcc/powerpc-unknown-nto-qnx6.5.0/5.2.0/crtend.o

.PPC.EMB.apuinfo
                0x0000000000000000       0x18
 .PPC.EMB.apuinfo
                0x0000000000000000       0x18 QProblem.cppm07
 .PPC.EMB.apuinfo
                0x0000000000000018       0x18 QProblemB.cppm07
 .PPC.EMB.apuinfo
                0x0000000000000030       0x18 Indexlist.cppm07
 .PPC.EMB.apuinfo
                0x0000000000000048       0x18 Utils.cppm07
 .PPC.EMB.apuinfo
                0x0000000000000060       0x18 Matrices.cppm07
 .PPC.EMB.apuinfo
                0x0000000000000078       0x18 MessageHandling.cppm07
 .PPC.EMB.apuinfo
                0x0000000000000090       0x18 rt_matrx.m07
 .PPC.EMB.apuinfo
                0x00000000000000a8       0x18 rt_nonfinite.m07
 .PPC.EMB.apuinfo
                0x00000000000000c0       0x18 qpOASES_QProblem.cppm07
 .PPC.EMB.apuinfo
                0x00000000000000d8       0x18 rti_sim_engine.m07

.debug
 *(.debug)

.line
 *(.line)

.debug_srcinfo
 *(.debug_srcinfo)

.debug_sfnames
 *(.debug_sfnames)

.debug_aranges
 *(.debug_aranges)

.debug_pubnames
 *(.debug_pubnames)

.debug_info
 *(.debug_info .gnu.linkonce.wi.*)

.debug_abbrev
 *(.debug_abbrev)

.debug_line
 *(.debug_line)

.debug_frame
 *(.debug_frame)

.debug_str
 *(.debug_str)

.debug_loc
 *(.debug_loc)

.debug_macinfo
 *(.debug_macinfo)

.debug_weaknames
 *(.debug_weaknames)

.debug_funcnames
 *(.debug_funcnames)

.debug_typenames
 *(.debug_typenames)

.debug_varnames
 *(.debug_varnames)

.debug_pubtypes
 *(.debug_pubtypes)

.debug_ranges
 *(.debug_ranges)

.gnu.attributes
                0x0000000000000000       0x14
 *(.gnu.attributes)
 .gnu.attributes
                0x0000000000000000       0x10 SQProblem.cppm07
 .gnu.attributes
                0x0000000000000010       0x10 QProblem.cppm07
 .gnu.attributes
                0x0000000000000020       0x10 QProblemB.cppm07
 .gnu.attributes
                0x0000000000000030       0x10 Utils.cppm07
 .gnu.attributes
                0x0000000000000040       0x10 Matrices.cppm07
 .gnu.attributes
                0x0000000000000050       0x10 LAPACKReplacement.cppm07
 .gnu.attributes
                0x0000000000000060       0x10 rt_matrx.m07
 .gnu.attributes
                0x0000000000000070       0x10 rt_printf.m07
 .gnu.attributes
                0x0000000000000080       0x10 rtGetInf.m07
 .gnu.attributes
                0x0000000000000090       0x10 rtGetNaN.m07
 .gnu.attributes
                0x00000000000000a0       0x10 rt_nonfinite.m07
 .gnu.attributes
                0x00000000000000b0       0x10 qpOASES_QProblem.cppm07
 .gnu.attributes
                0x00000000000000c0       0x10 rti_sim_engine.m07
 .gnu.attributes
                0x00000000000000d0       0x10 rt_sim.m07
 .gnu.attributes
                0x00000000000000e0       0x10 rti_assert.m07
 .gnu.attributes
                0x00000000000000f0       0x14 C:\Program Files\dSPACE RCPHIL 2021-A\DS1007\Lib/libm_fastpow.a(w_pow.o)
 .gnu.attributes
                0x0000000000000104       0x14 C:\Program Files\dSPACE RCPHIL 2021-A\DS1007\Lib/libm_fastpow.a(e_pow.o)
 .gnu.attributes
                0x0000000000000118       0x14 C:\Program Files\dSPACE RCPHIL 2021-A\DS1007\Lib/libm_fastpow.a(s_scalbn.o)

/DISCARD/
 *(.note.GNU-stack)
 *(.gnu_debuglink)
OUTPUT(example_QProblem.ppc elf32-powerpc)
